#! /usr/local/Cellar/icarus-verilog/12.0/bin/vvp
:ivl_version "12.0 (stable)";
:ivl_delay_selection "TYPICAL";
:vpi_time_precision - 12;
:vpi_module "/usr/local/Cellar/icarus-verilog/12.0/lib/ivl/system.vpi";
:vpi_module "/usr/local/Cellar/icarus-verilog/12.0/lib/ivl/vhdl_sys.vpi";
:vpi_module "/usr/local/Cellar/icarus-verilog/12.0/lib/ivl/vhdl_textio.vpi";
:vpi_module "/usr/local/Cellar/icarus-verilog/12.0/lib/ivl/v2005_math.vpi";
:vpi_module "/usr/local/Cellar/icarus-verilog/12.0/lib/ivl/va_math.vpi";
:vpi_module "/usr/local/Cellar/icarus-verilog/12.0/lib/ivl/v2009.vpi";
S_0x7fe834108fc0 .scope package, "$unit" "$unit" 2 1;
 .timescale 0 0;
S_0x7fe834104ce0 .scope module, "test" "test" 3 3;
 .timescale -9 -12;
v0x60000399aa30_0 .var "clk", 0 0;
v0x60000399aac0_0 .var "din", 0 0;
v0x60000399ab50_0 .net "match", 0 0, L_0x600003a98a00;  1 drivers
v0x60000399abe0_0 .var "resetn", 0 0;
E_0x600001e9ef40 .event posedge, v0x60000399a6d0_0;
S_0x7fe834104e50 .scope module, "dut" "FSM_opt" 3 11, 4 4 0, S_0x7fe834104ce0;
 .timescale 0 0;
    .port_info 0 /INPUT 1 "clk";
    .port_info 1 /INPUT 1 "resetn";
    .port_info 2 /INPUT 1 "din";
    .port_info 3 /OUTPUT 1 "match";
P_0x7fe834104400 .param/l "S0" 1 4 12, +C4<00000000000000000000000000000000>;
P_0x7fe834104440 .param/l "S1" 1 4 12, +C4<00000000000000000000000000000001>;
P_0x7fe834104480 .param/l "S2" 1 4 12, +C4<00000000000000000000000000000010>;
P_0x7fe8341044c0 .param/l "S3" 1 4 12, +C4<00000000000000000000000000000011>;
P_0x7fe834104500 .param/l "S4" 1 4 12, +C4<00000000000000000000000000000100>;
L_0x600002098fc0 .functor NOT 1, v0x60000399aac0_0, C4<0>, C4<0>, C4<0>;
L_0x600002099030 .functor AND 1, L_0x600003a981e0, L_0x600002098fc0, C4<1>, C4<1>;
L_0x6000020990a0 .functor NOT 1, v0x60000399aac0_0, C4<0>, C4<0>, C4<0>;
L_0x600002099110 .functor AND 1, L_0x600003a98280, L_0x6000020990a0, C4<1>, C4<1>;
L_0x600002099180 .functor OR 1, L_0x600002099030, L_0x600002099110, C4<0>, C4<0>;
L_0x600002099260 .functor AND 1, L_0x600003a98320, v0x60000399aac0_0, C4<1>, C4<1>;
L_0x6000020992d0 .functor AND 1, L_0x600003a983c0, v0x60000399aac0_0, C4<1>, C4<1>;
L_0x600002099340 .functor OR 1, L_0x600002099260, L_0x6000020992d0, C4<0>, C4<0>;
L_0x6000020993b0 .functor AND 1, L_0x600003a98460, v0x60000399aac0_0, C4<1>, C4<1>;
L_0x600002099420 .functor OR 1, L_0x600002099340, L_0x6000020993b0, C4<0>, C4<0>;
L_0x600002099490 .functor NOT 1, v0x60000399aac0_0, C4<0>, C4<0>, C4<0>;
L_0x600002099500 .functor AND 1, L_0x600003a985a0, L_0x600002099490, C4<1>, C4<1>;
L_0x600002099570 .functor NOT 1, v0x60000399aac0_0, C4<0>, C4<0>, C4<0>;
L_0x600002099650 .functor AND 1, L_0x600003a98640, L_0x600002099570, C4<1>, C4<1>;
L_0x6000020996c0 .functor OR 1, L_0x600002099500, L_0x600002099650, C4<0>, C4<0>;
L_0x6000020995e0 .functor NOT 1, v0x60000399aac0_0, C4<0>, C4<0>, C4<0>;
L_0x600002099730 .functor AND 1, L_0x600003a986e0, L_0x6000020995e0, C4<1>, C4<1>;
L_0x6000020997a0 .functor OR 1, L_0x6000020996c0, L_0x600002099730, C4<0>, C4<0>;
L_0x600002099810 .functor AND 1, L_0x600003a98780, v0x60000399aac0_0, C4<1>, C4<1>;
L_0x600002099880 .functor AND 1, L_0x600003a98960, v0x60000399aac0_0, C4<1>, C4<1>;
v0x600003998870_0 .net *"_ivl_10", 0 0, L_0x6000020990a0;  1 drivers
v0x6000039983f0_0 .net *"_ivl_12", 0 0, L_0x600002099110;  1 drivers
v0x600003999710_0 .net *"_ivl_14", 0 0, L_0x600002099180;  1 drivers
v0x6000039997a0_0 .net *"_ivl_19", 0 0, L_0x600003a98320;  1 drivers
v0x600003999830_0 .net *"_ivl_20", 0 0, L_0x600002099260;  1 drivers
v0x6000039998c0_0 .net *"_ivl_23", 0 0, L_0x600003a983c0;  1 drivers
v0x600003999950_0 .net *"_ivl_24", 0 0, L_0x6000020992d0;  1 drivers
v0x6000039999e0_0 .net *"_ivl_26", 0 0, L_0x600002099340;  1 drivers
v0x600003999a70_0 .net *"_ivl_29", 0 0, L_0x600003a98460;  1 drivers
v0x600003999b00_0 .net *"_ivl_3", 0 0, L_0x600003a981e0;  1 drivers
v0x600003999b90_0 .net *"_ivl_30", 0 0, L_0x6000020993b0;  1 drivers
v0x600003999c20_0 .net *"_ivl_32", 0 0, L_0x600002099420;  1 drivers
v0x600003999cb0_0 .net *"_ivl_37", 0 0, L_0x600003a985a0;  1 drivers
v0x600003999d40_0 .net *"_ivl_38", 0 0, L_0x600002099490;  1 drivers
v0x600003999dd0_0 .net *"_ivl_4", 0 0, L_0x600002098fc0;  1 drivers
v0x600003999e60_0 .net *"_ivl_40", 0 0, L_0x600002099500;  1 drivers
v0x600003999ef0_0 .net *"_ivl_43", 0 0, L_0x600003a98640;  1 drivers
v0x600003999f80_0 .net *"_ivl_44", 0 0, L_0x600002099570;  1 drivers
v0x60000399a010_0 .net *"_ivl_46", 0 0, L_0x600002099650;  1 drivers
v0x60000399a0a0_0 .net *"_ivl_48", 0 0, L_0x6000020996c0;  1 drivers
v0x60000399a130_0 .net *"_ivl_51", 0 0, L_0x600003a986e0;  1 drivers
v0x60000399a1c0_0 .net *"_ivl_52", 0 0, L_0x6000020995e0;  1 drivers
v0x60000399a250_0 .net *"_ivl_54", 0 0, L_0x600002099730;  1 drivers
v0x60000399a2e0_0 .net *"_ivl_56", 0 0, L_0x6000020997a0;  1 drivers
v0x60000399a370_0 .net *"_ivl_6", 0 0, L_0x600002099030;  1 drivers
v0x60000399a400_0 .net *"_ivl_61", 0 0, L_0x600003a98780;  1 drivers
v0x60000399a490_0 .net *"_ivl_62", 0 0, L_0x600002099810;  1 drivers
v0x60000399a520_0 .net *"_ivl_68", 0 0, L_0x600003a98960;  1 drivers
v0x60000399a5b0_0 .net *"_ivl_69", 0 0, L_0x600002099880;  1 drivers
v0x60000399a640_0 .net *"_ivl_9", 0 0, L_0x600003a98280;  1 drivers
v0x60000399a6d0_0 .net "clk", 0 0, v0x60000399aa30_0;  1 drivers
v0x60000399a760_0 .net "din", 0 0, v0x60000399aac0_0;  1 drivers
v0x60000399a7f0_0 .net "match", 0 0, L_0x600003a98a00;  alias, 1 drivers
v0x60000399a880_0 .net "nstate", 4 0, L_0x600003a988c0;  1 drivers
v0x60000399a910_0 .net "resetn", 0 0, v0x60000399abe0_0;  1 drivers
v0x60000399a9a0_0 .var "state", 4 0;
E_0x600001e9f0c0/0 .event negedge, v0x60000399a910_0;
E_0x600001e9f0c0/1 .event posedge, v0x60000399a6d0_0;
E_0x600001e9f0c0 .event/or E_0x600001e9f0c0/0, E_0x600001e9f0c0/1;
L_0x600003a981e0 .part v0x60000399a9a0_0, 0, 1;
L_0x600003a98280 .part v0x60000399a9a0_0, 2, 1;
L_0x600003a98320 .part v0x60000399a9a0_0, 0, 1;
L_0x600003a983c0 .part v0x60000399a9a0_0, 1, 1;
L_0x600003a98460 .part v0x60000399a9a0_0, 4, 1;
L_0x600003a985a0 .part v0x60000399a9a0_0, 1, 1;
L_0x600003a98640 .part v0x60000399a9a0_0, 3, 1;
L_0x600003a986e0 .part v0x60000399a9a0_0, 4, 1;
L_0x600003a98780 .part v0x60000399a9a0_0, 2, 1;
LS_0x600003a988c0_0_0 .concat8 [ 1 1 1 1], L_0x600002099180, L_0x600002099420, L_0x6000020997a0, L_0x600002099810;
LS_0x600003a988c0_0_4 .concat8 [ 1 0 0 0], L_0x600002099880;
L_0x600003a988c0 .concat8 [ 4 1 0 0], LS_0x600003a988c0_0_0, LS_0x600003a988c0_0_4;
L_0x600003a98960 .part v0x60000399a9a0_0, 3, 1;
L_0x600003a98a00 .part v0x60000399a9a0_0, 4, 1;
S_0x7fe834104540 .scope task, "go" "go" 3 25, 3 25 0, S_0x7fe834104ce0;
 .timescale -9 -12;
E_0x600001e9f100 .event negedge, v0x60000399a6d0_0;
TD_test.go ;
    %wait E_0x600001e9f100;
    %vpi_func 3 28 "$random" 32 {0 0 0};
    %pad/s 1;
    %store/vec4 v0x60000399aac0_0, 0, 1;
    %end;
    .scope S_0x7fe834104e50;
T_1 ;
    %wait E_0x600001e9f0c0;
    %load/vec4 v0x60000399a910_0;
    %nor/r;
    %flag_set/vec4 8;
    %jmp/0xz  T_1.0, 8;
    %pushi/vec4 1, 0, 5;
    %assign/vec4 v0x60000399a9a0_0, 0;
    %jmp T_1.1;
T_1.0 ;
    %load/vec4 v0x60000399a880_0;
    %assign/vec4 v0x60000399a9a0_0, 0;
T_1.1 ;
    %jmp T_1;
    .thread T_1;
    .scope S_0x7fe834104ce0;
T_2 ;
    %pushi/vec4 0, 0, 1;
    %store/vec4 v0x60000399aa30_0, 0, 1;
T_2.0 ;
    %delay 5000, 0;
    %load/vec4 v0x60000399aa30_0;
    %inv;
    %store/vec4 v0x60000399aa30_0, 0, 1;
    %jmp T_2.0;
    %end;
    .thread T_2;
    .scope S_0x7fe834104ce0;
T_3 ;
    %vpi_call/w 3 36 "$display", "=== Starting Pattern Detector Test ===" {0 0 0};
    %pushi/vec4 0, 0, 1;
    %store/vec4 v0x60000399abe0_0, 0, 1;
    %pushi/vec4 0, 0, 1;
    %store/vec4 v0x60000399aac0_0, 0, 1;
    %pushi/vec4 2, 0, 32;
T_3.0 %dup/vec4;
    %pushi/vec4 0, 0, 32;
    %cmp/s;
    %jmp/1xz T_3.1, 5;
    %jmp/1 T_3.1, 4;
    %pushi/vec4 1, 0, 32;
    %sub;
    %wait E_0x600001e9ef40;
    %jmp T_3.0;
T_3.1 ;
    %pop/vec4 1;
    %pushi/vec4 1, 0, 1;
    %store/vec4 v0x60000399abe0_0, 0, 1;
    %wait E_0x600001e9f100;
    %pushi/vec4 1, 0, 1;
    %store/vec4 v0x60000399aac0_0, 0, 1;
    %wait E_0x600001e9f100;
    %pushi/vec4 0, 0, 1;
    %store/vec4 v0x60000399aac0_0, 0, 1;
    %wait E_0x600001e9f100;
    %pushi/vec4 1, 0, 1;
    %store/vec4 v0x60000399aac0_0, 0, 1;
    %wait E_0x600001e9f100;
    %pushi/vec4 1, 0, 1;
    %store/vec4 v0x60000399aac0_0, 0, 1;
    %pushi/vec4 30, 0, 32;
T_3.2 %dup/vec4;
    %pushi/vec4 0, 0, 32;
    %cmp/s;
    %jmp/1xz T_3.3, 5;
    %jmp/1 T_3.3, 4;
    %pushi/vec4 1, 0, 32;
    %sub;
    %fork TD_test.go, S_0x7fe834104540;
    %join;
    %jmp T_3.2;
T_3.3 ;
    %pop/vec4 1;
    %pushi/vec4 4, 0, 32;
T_3.4 %dup/vec4;
    %pushi/vec4 0, 0, 32;
    %cmp/s;
    %jmp/1xz T_3.5, 5;
    %jmp/1 T_3.5, 4;
    %pushi/vec4 1, 0, 32;
    %sub;
    %wait E_0x600001e9ef40;
    %jmp T_3.4;
T_3.5 ;
    %pop/vec4 1;
    %vpi_call/w 3 58 "$display", "=== Test Complete ===" {0 0 0};
    %vpi_call/w 3 59 "$finish" {0 0 0};
    %end;
    .thread T_3;
    .scope S_0x7fe834104ce0;
T_4 ;
    %vpi_call/w 3 64 "$display", "Time\011clk\011din\011match\011state" {0 0 0};
    %vpi_call/w 3 65 "$monitor", "%0t\011%b\011%b\011%b\011%d", $time, v0x60000399aa30_0, v0x60000399aac0_0, v0x60000399ab50_0, v0x60000399a9a0_0 {0 0 0};
    %end;
    .thread T_4;
    .scope S_0x7fe834104ce0;
T_5 ;
    %vpi_call/w 3 69 "$dumpfile", "wave.vcd" {0 0 0};
    %vpi_call/w 3 70 "$dumpvars" {0 0 0};
    %end;
    .thread T_5;
# The file index is used to find the file name in the following table.
:file_names 5;
    "N/A";
    "<interactive>";
    "-";
    "test_FSM_opt.sv";
    "FSM_opt.sv";
